// Vitest Snapshot v1, https://vitest.dev/guide/snapshot.html

exports[`formatAsmFragments > hello world 1`] = `
"ldy #$0
loop:
lda message,Y
beq done
jsr $ffd2
iny
jmp loop
done:
rts
message:
.byte 147 ; clear
.text "HELLO WORLD"
.byte 0 ; null terminator"
`;

exports[`formatAsmFragments > missing modes 1`] = `
"rol A
jmp ($ab12)
lda ($ab12),Y
lda ($ab12,X)"
`;
